// Jest Snapshot v1, https://goo.gl/fbAQLP

exports[`Login should match snapshot 1`] = `
<Redirect
  to="/"
/>
`;

exports[`Login should match snapshot on conditional rendering 1`] = `
<div
  className="Login"
>
  <form
    className="login-form"
    onSubmit={[Function]}
  >
    <h3>
      Login
    </h3>
    <label
      htmlFor="username"
    >
      USERNAME:
    </label>
    <input
      name="username"
      onChange={[Function]}
      type="text"
    />
    <label
      htmlFor="password"
    >
      PASSWORD:
    </label>
    <input
      name="password"
      onChange={[Function]}
      type="password"
    />
    <button
      className="login-btn"
      type="submit"
    >
      SUBMIT
    </button>
    <p
      className="signup-msg"
    >
      Not a member?
      <Link
        className="signup-link"
        to="/register"
      >
         Create an account.
      </Link>
    </p>
  </form>
</div>
`;
