// Jest Snapshot v1, https://goo.gl/fbAQLP

exports[`SavePalette should match snapshot 1`] = `
<form
  onSubmit={[Function]}
>
  <label
    htmlFor="name"
  >
     PALETTE NAME:
  </label>
  <input
    name="paletteName"
    onChange={[Function]}
  />
  <p
    onClick={[Function]}
  >
    Add to existing project
  </p>
  <p
    onClick={[Function]}
  >
    Create new project
  </p>
  <input
    name="projectName"
    onChange={[Function]}
    placeholder="Project Name"
  />
  <button
    type="submit"
  >
    SAVE
  </button>
</form>
`;
