// Jest Snapshot v1, https://goo.gl/fbAQLP

exports[`ProjectsContainer should match snapshot if there are no saved projects 1`] = `
<section
  className="ProjectsContainer"
>
  <h2>
    Your Projects
  </h2>
  <article
    className="empty-projects-card"
  >
    <h3>
      There are no saved projects!
    </h3>
  </article>
</section>
`;

exports[`ProjectsContainer should match snapshot if there are saved projects 1`] = `undefined`;
