// Jest Snapshot v1, https://goo.gl/fbAQLP

exports[`PalettePreview should match snapshot 1`] = `
<article
  className="PalettePreview"
>
  <h4 />
  <div
    className="flex-container"
  >
    <div
      className="preview"
      style={
        Object {
          "background": undefined,
        }
      }
    />
    <div
      className="preview"
      style={
        Object {
          "background": undefined,
        }
      }
    />
    <div
      className="preview"
      style={
        Object {
          "background": undefined,
        }
      }
    />
    <div
      className="preview"
      style={
        Object {
          "background": undefined,
        }
      }
    />
    <div
      className="preview"
      style={
        Object {
          "background": undefined,
        }
      }
    />
    <i
      className="fas fa-times"
      onClick={[Function]}
    />
  </div>
</article>
`;
