// Jest Snapshot v1, https://goo.gl/fbAQLP

exports[`PalettePreview should match snapshot 1`] = `
<article
  className="PalettePreview"
>
  <h4>
    Palette Name
  </h4>
  <div
    className="preview-1"
  />
  <div
    className="preview-2"
  />
  <div
    className="preview-3"
  />
  <div
    className="preview-4"
  />
  <div
    className="preview-5"
  />
</article>
`;
