// Jest Snapshot v1, https://goo.gl/fbAQLP

exports[`App should match snapshot 1`] = `
<div
  className="App"
>
  <Connect(Header) />
  <Route
    component={
      Object {
        "$$typeof": Symbol(react.memo),
        "WrappedComponent": [Function],
        "compare": null,
        "displayName": "Connect(ColorsContainer)",
        "type": [Function],
      }
    }
    path="/home"
  />
  <Route
    component={
      Object {
        "$$typeof": Symbol(react.memo),
        "WrappedComponent": [Function],
        "compare": null,
        "displayName": "Connect(Login)",
        "type": [Function],
      }
    }
    exact={true}
    path="/home/login"
  />
  <Route
    component={[Function]}
    path="/home/save"
  />
  <Route
    component={[Function]}
    path="/projects"
  />
  <Route
    component={[Function]}
    path="/home/register"
  />
  <Route
    path="/signout"
  />
</div>
`;
