// Jest Snapshot v1, https://goo.gl/fbAQLP

exports[`App should match snapshot 1`] = `
<div
  className="App"
>
  <Connect(Header) />
  <Route
    component={
      Object {
        "$$typeof": Symbol(react.memo),
        "WrappedComponent": [Function],
        "compare": null,
        "displayName": "Connect(ColorsContainer)",
        "type": [Function],
      }
    }
    exact={true}
    path="/"
  />
  //
  <Route
    component={
      Object {
        "$$typeof": Symbol(react.memo),
        "WrappedComponent": [Function],
        "compare": null,
        "displayName": "Connect(Login)",
        "type": [Function],
      }
    }
    exact={true}
    path="/login"
  />
  <Route
    component={
      Object {
        "$$typeof": Symbol(react.memo),
        "WrappedComponent": [Function],
        "compare": null,
        "displayName": "Connect(SavePalette)",
        "type": [Function],
      }
    }
    exact={true}
    path="/save"
  />
  <Route
    component={
      Object {
        "$$typeof": Symbol(react.memo),
        "WrappedComponent": [Function],
        "compare": null,
        "displayName": "Connect(ProjectsContainer)",
        "type": [Function],
      }
    }
    exact={true}
    path="/projects"
  />
  <Route
    component={
      Object {
        "$$typeof": Symbol(react.memo),
        "WrappedComponent": [Function],
        "compare": null,
        "displayName": "Connect(CreateAccount)",
        "type": [Function],
      }
    }
    exact={true}
    path="/register"
  />
  <Route
    exact={true}
    path="/signout"
  />
</div>
`;
