// Jest Snapshot v1, https://goo.gl/fbAQLP

exports[`CreateAccount should match snapshot 1`] = `
<section
  className="CreateAccount"
>
  <form
    action="post"
    className="CreateAccount-form"
    onSubmit={[Function]}
  >
    <h2>
      Create an Account
    </h2>
    <label
      htmlFor="username-input"
    >
      USERNAME:
    </label>
    <input
      id="username-input"
      name="username"
      onChange={[Function]}
      type="text"
    />
    <label
      htmlFor="password-input-1"
    >
      PASSWORD:
    </label>
    <input
      id="password-input-1"
      name="password1"
      onChange={[Function]}
      type="password"
    />
    <label
      htmlFor="password-input-2"
    >
      RE-ENTER PASSWORD:
    </label>
    <input
      id="password-input-2"
      name="password2"
      onChange={[Function]}
      type="password"
    />
    <button
      className="new-account-btn"
    >
      SUBMIT
    </button>
  </form>
</section>
`;
