// Jest Snapshot v1, https://goo.gl/fbAQLP

exports[`ProjectCard should match snapshot 1`] = `
<article
  className="ProjectCard"
>
  <h3>
    Project Name
  </h3>
  <hr />
  <h4
    className="empty-project-header"
  >
    This project has no saved palettes!
  </h4>
  <div
    className="previews-container"
  >
    <PalettePreview />
    <PalettePreview />
    <PalettePreview />
    <PalettePreview />
  </div>
</article>
`;
